Start building sites … 
hugo v0.152.2-6abdacad3f3fe944ea42177844469139e81feda6+extended+withdeploy windows/amd64 BuildDate=2025-10-24T15:31:49Z VendorInfo=gohugoio


                  │ ES  │ EN 
──────────────────┼─────┼────
 Pages            │ 111 │ 72 
 Paginator pages  │   0 │  0 
 Non-page files   │   1 │  0 
 Static files     │  78 │ 78 
 Processed images │   0 │  0 
 Aliases          │   1 │  0 
 Cleaned          │   0 │  0 

Total in 177 ms
